ssd1306.c:50:6:set_oled_addr	16	static
ssd1306.c:53:9:SSD1306_Init	16	static
ssd1306.c:116:6:SSD1306_UpdateScreen	16	static
ssd1306.c:129:6:SSD1306_ToggleInvert	16	static
ssd1306.c:141:6:SSD1306_Fill	16	static
ssd1306.c:146:6:SSD1306_DrawPixel	16	static
ssd1306.c:168:6:SSD1306_GotoXY	16	static
ssd1306.c:174:6:SSD1306_Putc	32	static
ssd1306.c:205:9:size_int	32	static
ssd1306.c:216:6:SSD1306_Putint	48	dynamic
ssd1306.c:274:7:double_str	112	dynamic
ssd1306.c:318:6:SSD1306_Putdouble	32	static
ssd1306.c:365:6:SSD1306_Puts	24	static
ssd1306.c:382:6:SSD1306_DrawLine	40	static
ssd1306.c:466:6:SSD1306_DrawRectangle	32	static
ssd1306.c:491:6:SSD1306_DrawFilledRectangle	40	static
ssd1306.c:518:6:SSD1306_DrawTriangle	32	static
ssd1306.c:526:6:SSD1306_DrawFilledTriangle	64	static
ssd1306.c:582:6:SSD1306_DrawCircle	40	static
ssd1306.c:616:6:SSD1306_DrawFilledCircle	48	static
ssd1306.c:647:6:SSD1306_ON	8	static
ssd1306.c:652:6:SSD1306_OFF	8	static
ssd1306.c:668:6:ssd1306_sel_I2C	16	static
ssd1306.c:684:6:ssd1306_I2C_WriteMulti	48	dynamic
ssd1306.c:694:6:ssd1306_I2C_Write	32	static
